Archive member included to satisfy reference by file (symbol)

C:/ST/STM32CubeIDE_1.13.1/STM32CubeIDE/plugins/com.st.stm32cube.ide.mcu.externaltools.gnu-tools-for-stm32.11.3.rel1.win32_1.1.0.202305231506/tools/bin/../lib/gcc/arm-none-eabi/11.3.1/../../../../arm-none-eabi/lib/thumb/v7e-m+fp/hard\libc_nano.a(libc_a-exit.o)
                              C:/ST/STM32CubeIDE_1.13.1/STM32CubeIDE/plugins/com.st.stm32cube.ide.mcu.externaltools.gnu-tools-for-stm32.11.3.rel1.win32_1.1.0.202305231506/tools/bin/../lib/gcc/arm-none-eabi/11.3.1/../../../../arm-none-eabi/lib/thumb/v7e-m+fp/hard/crt0.o (exit)
C:/ST/STM32CubeIDE_1.13.1/STM32CubeIDE/plugins/com.st.stm32cube.ide.mcu.externaltools.gnu-tools-for-stm32.11.3.rel1.win32_1.1.0.202305231506/tools/bin/../lib/gcc/arm-none-eabi/11.3.1/../../../../arm-none-eabi/lib/thumb/v7e-m+fp/hard\libc_nano.a(libc_a-findfp.o)
                              C:/ST/STM32CubeIDE_1.13.1/STM32CubeIDE/plugins/com.st.stm32cube.ide.mcu.externaltools.gnu-tools-for-stm32.11.3.rel1.win32_1.1.0.202305231506/tools/bin/../lib/gcc/arm-none-eabi/11.3.1/../../../../arm-none-eabi/lib/thumb/v7e-m+fp/hard\libc_nano.a(libc_a-exit.o) (__stdio_exit_handler)
C:/ST/STM32CubeIDE_1.13.1/STM32CubeIDE/plugins/com.st.stm32cube.ide.mcu.externaltools.gnu-tools-for-stm32.11.3.rel1.win32_1.1.0.202305231506/tools/bin/../lib/gcc/arm-none-eabi/11.3.1/../../../../arm-none-eabi/lib/thumb/v7e-m+fp/hard\libc_nano.a(libc_a-fwalk.o)
                              C:/ST/STM32CubeIDE_1.13.1/STM32CubeIDE/plugins/com.st.stm32cube.ide.mcu.externaltools.gnu-tools-for-stm32.11.3.rel1.win32_1.1.0.202305231506/tools/bin/../lib/gcc/arm-none-eabi/11.3.1/../../../../arm-none-eabi/lib/thumb/v7e-m+fp/hard\libc_nano.a(libc_a-findfp.o) (_fwalk_sglue)
C:/ST/STM32CubeIDE_1.13.1/STM32CubeIDE/plugins/com.st.stm32cube.ide.mcu.externaltools.gnu-tools-for-stm32.11.3.rel1.win32_1.1.0.202305231506/tools/bin/../lib/gcc/arm-none-eabi/11.3.1/../../../../arm-none-eabi/lib/thumb/v7e-m+fp/hard\libc_nano.a(libc_a-stdio.o)
                              C:/ST/STM32CubeIDE_1.13.1/STM32CubeIDE/plugins/com.st.stm32cube.ide.mcu.externaltools.gnu-tools-for-stm32.11.3.rel1.win32_1.1.0.202305231506/tools/bin/../lib/gcc/arm-none-eabi/11.3.1/../../../../arm-none-eabi/lib/thumb/v7e-m+fp/hard\libc_nano.a(libc_a-findfp.o) (__sread)
C:/ST/STM32CubeIDE_1.13.1/STM32CubeIDE/plugins/com.st.stm32cube.ide.mcu.externaltools.gnu-tools-for-stm32.11.3.rel1.win32_1.1.0.202305231506/tools/bin/../lib/gcc/arm-none-eabi/11.3.1/../../../../arm-none-eabi/lib/thumb/v7e-m+fp/hard\libc_nano.a(libc_a-memset.o)
                              C:/ST/STM32CubeIDE_1.13.1/STM32CubeIDE/plugins/com.st.stm32cube.ide.mcu.externaltools.gnu-tools-for-stm32.11.3.rel1.win32_1.1.0.202305231506/tools/bin/../lib/gcc/arm-none-eabi/11.3.1/../../../../arm-none-eabi/lib/thumb/v7e-m+fp/hard/crt0.o (memset)
C:/ST/STM32CubeIDE_1.13.1/STM32CubeIDE/plugins/com.st.stm32cube.ide.mcu.externaltools.gnu-tools-for-stm32.11.3.rel1.win32_1.1.0.202305231506/tools/bin/../lib/gcc/arm-none-eabi/11.3.1/../../../../arm-none-eabi/lib/thumb/v7e-m+fp/hard\libc_nano.a(libc_a-closer.o)
                              C:/ST/STM32CubeIDE_1.13.1/STM32CubeIDE/plugins/com.st.stm32cube.ide.mcu.externaltools.gnu-tools-for-stm32.11.3.rel1.win32_1.1.0.202305231506/tools/bin/../lib/gcc/arm-none-eabi/11.3.1/../../../../arm-none-eabi/lib/thumb/v7e-m+fp/hard\libc_nano.a(libc_a-stdio.o) (_close_r)
C:/ST/STM32CubeIDE_1.13.1/STM32CubeIDE/plugins/com.st.stm32cube.ide.mcu.externaltools.gnu-tools-for-stm32.11.3.rel1.win32_1.1.0.202305231506/tools/bin/../lib/gcc/arm-none-eabi/11.3.1/../../../../arm-none-eabi/lib/thumb/v7e-m+fp/hard\libc_nano.a(libc_a-reent.o)
                              C:/ST/STM32CubeIDE_1.13.1/STM32CubeIDE/plugins/com.st.stm32cube.ide.mcu.externaltools.gnu-tools-for-stm32.11.3.rel1.win32_1.1.0.202305231506/tools/bin/../lib/gcc/arm-none-eabi/11.3.1/../../../../arm-none-eabi/lib/thumb/v7e-m+fp/hard\libc_nano.a(libc_a-closer.o) (errno)
C:/ST/STM32CubeIDE_1.13.1/STM32CubeIDE/plugins/com.st.stm32cube.ide.mcu.externaltools.gnu-tools-for-stm32.11.3.rel1.win32_1.1.0.202305231506/tools/bin/../lib/gcc/arm-none-eabi/11.3.1/../../../../arm-none-eabi/lib/thumb/v7e-m+fp/hard\libc_nano.a(libc_a-impure.o)
                              C:/ST/STM32CubeIDE_1.13.1/STM32CubeIDE/plugins/com.st.stm32cube.ide.mcu.externaltools.gnu-tools-for-stm32.11.3.rel1.win32_1.1.0.202305231506/tools/bin/../lib/gcc/arm-none-eabi/11.3.1/../../../../arm-none-eabi/lib/thumb/v7e-m+fp/hard\libc_nano.a(libc_a-reent.o) (_impure_ptr)
C:/ST/STM32CubeIDE_1.13.1/STM32CubeIDE/plugins/com.st.stm32cube.ide.mcu.externaltools.gnu-tools-for-stm32.11.3.rel1.win32_1.1.0.202305231506/tools/bin/../lib/gcc/arm-none-eabi/11.3.1/../../../../arm-none-eabi/lib/thumb/v7e-m+fp/hard\libc_nano.a(libc_a-lseekr.o)
[...]
Memory Configuration

Name             Origin             Length             Attributes
CCMRAM           0x0000000010000000 0x0000000000004000 xrw
RAM              0x0000000020000000 0x0000000000010000 xrw
FLASH            0x0000000008000000 0x0000000000080000 xr
*default*        0x0000000000000000 0xffffffffffffffff

Linker script and memory map

LOAD C:/ST/STM32CubeIDE_1.13.1/STM32CubeIDE/plugins/com.st.stm32cube.ide.mcu.externaltools.gnu-tools-for-stm32.11.3.rel1.win32_1.1.0.202305231506/tools/bin/../lib/gcc/arm-none-eabi/11.3.1/thumb/v7e-m+fp/hard/crti.o
LOAD C:/ST/STM32CubeIDE_1.13.1/STM32CubeIDE/plugins/com.st.stm32cube.ide.mcu.externaltools.gnu-tools-for-stm32.11.3.rel1.win32_1.1.0.202305231506/tools/bin/../lib/gcc/arm-none-eabi/11.3.1/thumb/v7e-m+fp/hard/crtbegin.o
LOAD C:/ST/STM32CubeIDE_1.13.1/STM32CubeIDE/plugins/com.st.stm32cube.ide.mcu.externaltools.gnu-tools-for-stm32.11.3.rel1.win32_1.1.0.202305231506/tools/bin/../lib/gcc/arm-none-eabi/11.3.1/../../../../arm-none-eabi/lib/thumb/v7e-m+fp/hard/crt0.o
LOAD ./Core/Src/DC_MOTOR.o
LOAD ./Core/Src/gpio.o
LOAD ./Core/Src/main.o
LOAD ./Core/Src/stm32f3xx_hal_msp.o
LOAD ./Core/Src/stm32f3xx_it.o
LOAD ./Core/Src/syscalls.o
LOAD ./Core/Src/sysmem.o
LOAD ./Core/Src/system_stm32f3xx.o
LOAD ./Core/Src/tim.o
LOAD ./Core/Src/usart.o
LOAD ./Core/Startup/startup_stm32f303retx.o
LOAD ./Drivers/STM32F3xx_HAL_Driver/Src/stm32f3xx_hal.o
LOAD ./Drivers/STM32F3xx_HAL_Driver/Src/stm32f3xx_hal_cortex.o
LOAD ./Drivers/STM32F3xx_HAL_Driver/Src/stm32f3xx_hal_dma.o
LOAD ./Drivers/STM32F3xx_HAL_Driver/Src/stm32f3xx_hal_exti.o
LOAD ./Drivers/STM32F3xx_HAL_Driver/Src/stm32f3xx_hal_flash.o
LOAD ./Drivers/STM32F3xx_HAL_Driver/Src/stm32f3xx_hal_flash_ex.o
LOAD ./Drivers/STM32F3xx_HAL_Driver/Src/stm32f3xx_hal_gpio.o
LOAD ./Drivers/STM32F3xx_HAL_Driver/Src/stm32f3xx_hal_i2c.o
LOAD ./Drivers/STM32F3xx_HAL_Driver/Src/stm32f3xx_hal_i2c_ex.o
LOAD ./Drivers/STM32F3xx_HAL_Driver/Src/stm32f3xx_hal_pwr.o
LOAD ./Drivers/STM32F3xx_HAL_Driver/Src/stm32f3xx_hal_pwr_ex.o
LOAD ./Drivers/STM32F3xx_HAL_Driver/Src/stm32f3xx_hal_rcc.o
LOAD ./Drivers/STM32F3xx_HAL_Driver/Src/stm32f3xx_hal_rcc_ex.o
LOAD ./Drivers/STM32F3xx_HAL_Driver/Src/stm32f3xx_hal_tim.o
LOAD ./Drivers/STM32F3xx_HAL_Driver/Src/stm32f3xx_hal_tim_ex.o
LOAD ./Drivers/STM32F3xx_HAL_Driver/Src/stm32f3xx_hal_uart.o
LOAD ./Drivers/STM32F3xx_HAL_Driver/Src/stm32f3xx_hal_uart_ex.o
START GROUP
LOAD C:/ST/STM32CubeIDE_1.13.1/STM32CubeIDE/plugins/com.st.stm32cube.ide.mcu.externaltools.gnu-tools-for-stm32.11.3.rel1.win32_1.1.0.202305231506/tools/bin/../lib/gcc/arm-none-eabi/11.3.1/../../../../arm-none-eabi/lib/thumb/v7e-m+fp/hard\libc_nano.a
LOAD C:/ST/STM32CubeIDE_1.13.1/STM32CubeIDE/plugins/com.st.stm32cube.ide.mcu.externaltools.gnu-tools-for-stm32.11.3.rel1.win32_1.1.0.202305231506/tools/bin/../lib/gcc/arm-none-eabi/11.3.1/../../../../arm-none-eabi/lib/thumb/v7e-m+fp/hard\libm.a
END GROUP
START GROUP
LOAD C:/ST/STM32CubeIDE_1.13.1/STM32CubeIDE/plugins/com.st.stm32cube.ide.mcu.externaltools.gnu-tools-for-stm32.11.3.rel1.win32_1.1.0.202305231506/tools/bin/../lib/gcc/arm-none-eabi/11.3.1/thumb/v7e-m+fp/hard\libgcc.a
LOAD C:/ST/STM32CubeIDE_1.13.1/STM32CubeIDE/plugins/com.st.stm32cube.ide.mcu.externaltools.gnu-tools-for-stm32.11.3.rel1.win32_1.1.0.202305231506/tools/bin/../lib/gcc/arm-none-eabi/11.3.1/../../../../arm-none-eabi/lib/thumb/v7e-m+fp/hard\libc_nano.a
END GROUP
START GROUP
LOAD C:/ST/STM32CubeIDE_1.13.1/STM32CubeIDE/plugins/com.st.stm32cube.ide.mcu.externaltools.gnu-tools-for-stm32.11.3.rel1.win32_1.1.0.202305231506/tools/bin/../lib/gcc/arm-none-eabi/11.3.1/thumb/v7e-m+fp/hard\libgcc.a
LOAD C:/ST/STM32CubeIDE_1.13.1/STM32CubeIDE/plugins/com.st.stm32cube.ide.mcu.externaltools.gnu-tools-for-stm32.11.3.rel1.win32_1.1.0.202305231506/tools/bin/../lib/gcc/arm-none-eabi/11.3.1/../../../../arm-none-eabi/lib/thumb/v7e-m+fp/hard\libc_nano.a
LOAD C:/ST/STM32CubeIDE_1.13.1/STM32CubeIDE/plugins/com.st.stm32cube.ide.mcu.externaltools.gnu-tools-for-stm32.11.3.rel1.win32_1.1.0.202305231506/tools/bin/../lib/gcc/arm-none-eabi/11.3.1/../../../../arm-none-eabi/lib/thumb/v7e-m+fp/hard\libnosys.a
END GROUP
START GROUP
LOAD C:/ST/STM32CubeIDE_1.13.1/STM32CubeIDE/plugins/com.st.stm32cube.ide.mcu.externaltools.gnu-tools-for-stm32.11.3.rel1.win32_1.1.0.202305231506/tools/bin/../lib/gcc/arm-none-eabi/11.3.1/thumb/v7e-m+fp/hard\libgcc.a
LOAD C:/ST/STM32CubeIDE_1.13.1/STM32CubeIDE/plugins/com.st.stm32cube.ide.mcu.externaltools.gnu-tools-for-stm32.11.3.rel1.win32_1.1.0.202305231506/tools/bin/../lib/gcc/arm-none-eabi/11.3.1/../../../../arm-none-eabi/lib/thumb/v7e-m+fp/hard\libc_nano.a
LOAD C:/ST/STM32CubeIDE_1.13.1/STM32CubeIDE/plugins/com.st.stm32cube.ide.mcu.externaltools.gnu-tools-for-stm32.11.3.rel1.win32_1.1.0.202305231506/tools/bin/../lib/gcc/arm-none-eabi/11.3.1/../../../../arm-none-eabi/lib/thumb/v7e-m+fp/hard\libnosys.a
END GROUP
LOAD C:/ST/STM32CubeIDE_1.13.1/STM32CubeIDE/plugins/com.st.stm32cube.ide.mcu.externaltools.gnu-tools-for-stm32.11.3.rel1.win32_1.1.0.202305231506/tools/bin/../lib/gcc/arm-none-eabi/11.3.1/thumb/v7e-m+fp/hard/crtend.o
LOAD C:/ST/STM32CubeIDE_1.13.1/STM32CubeIDE/plugins/com.st.stm32cube.ide.mcu.externaltools.gnu-tools-for-stm32.11.3.rel1.win32_1.1.0.202305231506/tools/bin/../lib/gcc/arm-none-eabi/11.3.1/thumb/v7e-m+fp/hard/crtn.o
                0x0000000020010000                _estack = (ORIGIN (RAM) + LENGTH (RAM))
                0x0000000000000200                _Min_Heap_Size = 0x200
                0x0000000000000400                _Min_Stack_Size = 0x400

.isr_vector     0x0000000008000000      0x194
                0x0000000008000000                . = ALIGN (0x4)
 *(.isr_vector)
 .isr_vector    0x0000000008000000      0x194 ./Core/Startup/startup_stm32f303retx.o
                0x0000000008000000                g_pfnVectors
                0x0000000008000194                . = ALIGN (0x4)

.text           0x0000000008000194     0x5ff4
                0x0000000008000194                . = ALIGN (0x4)
 *(.text)
 .text          0x0000000008000194       0x40 C:/ST/STM32CubeIDE_1.13.1/STM32CubeIDE/plugins/com.st.stm32cube.ide.mcu.externaltools.gnu-tools-for-stm32.11.3.rel1.win32_1.1.0.202305231506/tools/bin/../lib/gcc/arm-none-eabi/11.3.1/thumb/v7e-m+fp/hard/crtbegin.o
 *(.text*)
 .text.Set_motor_RL_direction
                0x00000000080001d4       0x54 ./Core/Src/DC_MOTOR.o
                0x00000000080001d4                Set_motor_RL_direction
 .text.Set_motor_FR_direction
                0x0000000008000228       0x5c ./Core/Src/DC_MOTOR.o
                0x0000000008000228                Set_motor_FR_direction
 .text.Stop_motor_RL
                0x0000000008000284       0x20 ./Core/Src/DC_MOTOR.o
                0x0000000008000284                Stop_motor_RL
 .text.Stop_motor_FR
                0x00000000080002a4       0x24 ./Core/Src/DC_MOTOR.o
                0x00000000080002a4                Stop_motor_FR
 .text.Set_pwm_duty_FR_motor
                0x00000000080002c8       0x48 ./Core/Src/DC_MOTOR.o
                0x00000000080002c8                Set_pwm_duty_FR_motor
 .text.MX_GPIO_Init
                0x0000000008000310      0x128 ./Core/Src/gpio.o
                0x0000000008000310                MX_GPIO_Init
 .text.HAL_TIM_IC_CaptureCallback
                0x0000000008000438      0x2d8 ./Core/Src/main.o
                0x0000000008000438                HAL_TIM_IC_CaptureCallback
 .text.Ultrasonic_Runable
                0x0000000008000710       0xbc ./Core/Src/main.o
                0x0000000008000710                Ultrasonic_Runable
 .text.send_distance
                0x00000000080007cc      0x208 ./Core/Src/main.o
                0x00000000080007cc                send_distance
 .text.control_car
                0x00000000080009d4       0xac ./Core/Src/main.o
                0x00000000080009d4                control_car
 .text.find_park
                0x0000000008000a80       0xb0 ./Core/Src/main.o
                0x0000000008000a80                find_park
 .text.start_parking
                0x0000000008000b30      0x210 ./Core/Src/main.o
                0x0000000008000b30                start_parking
 .text.main     0x0000000008000d40       0xd4 ./Core/Src/main.o
                0x0000000008000d40                main
 .text.SystemClock_Config
                0x0000000008000e14       0xc0 ./Core/Src/main.o
                0x0000000008000e14                SystemClock_Config
 .text.Error_Handler
                0x0000000008000ed4        0xa ./Core/Src/main.o
                0x0000000008000ed4                Error_Handler
 *fill*         0x0000000008000ede        0x2 
 .text.HAL_MspInit
                0x0000000008000ee0       0x48 ./Core/Src/stm32f3xx_hal_msp.o
                0x0000000008000ee0                HAL_MspInit
 .text.NMI_Handler
                0x0000000008000f28        0x6 ./Core/Src/stm32f3xx_it.o
                0x0000000008000f28                NMI_Handler
 .text.HardFault_Handler
                0x0000000008000f2e        0x6 ./Core/Src/stm32f3xx_it.o
                0x0000000008000f2e                HardFault_Handler
 .text.MemManage_Handler
                0x0000000008000f34        0x6 ./Core/Src/stm32f3xx_it.o
                0x0000000008000f34                MemManage_Handler
 .text.BusFault_Handler
                0x0000000008000f3a        0x6 ./Core/Src/stm32f3xx_it.o
                0x0000000008000f3a                BusFault_Handler
 .text.UsageFault_Handler
                0x0000000008000f40        0x6 ./Core/Src/stm32f3xx_it.o
                0x0000000008000f40                UsageFault_Handler
 .text.SVC_Handler
                0x0000000008000f46        0xe ./Core/Src/stm32f3xx_it.o
                0x0000000008000f46                SVC_Handler
 .text.DebugMon_Handler
                0x0000000008000f54        0xe ./Core/Src/stm32f3xx_it.o
                0x0000000008000f54                DebugMon_Handler
 .text.PendSV_Handler
                0x0000000008000f62        0xe ./Core/Src/stm32f3xx_it.o
                0x0000000008000f62                PendSV_Handler
 .text.SysTick_Handler
                0x0000000008000f70        0xc ./Core/Src/stm32f3xx_it.o
                0x0000000008000f70                SysTick_Handler
 .text.TIM1_BRK_TIM15_IRQHandler
                0x0000000008000f7c       0x1c ./Core/Src/stm32f3xx_it.o
                0x0000000008000f7c                TIM1_BRK_TIM15_IRQHandler
 .text.TIM2_IRQHandler
                0x0000000008000f98       0x14 ./Core/Src/stm32f3xx_it.o
                0x0000000008000f98                TIM2_IRQHandler
 .text.TIM3_IRQHandler
                0x0000000008000fac       0x14 ./Core/Src/stm32f3xx_it.o
                0x0000000008000fac                TIM3_IRQHandler
 .text.TIM4_IRQHandler
                0x0000000008000fc0       0x14 ./Core/Src/stm32f3xx_it.o
                0x0000000008000fc0                TIM4_IRQHandler
 .text.SystemInit
                0x0000000008000fd4       0x24 ./Core/Src/system_stm32f3xx.o
                0x0000000008000fd4                SystemInit
 .text.MX_TIM1_Init
                0x0000000008000ff8      0x158 ./Core/Src/tim.o
                0x0000000008000ff8                MX_TIM1_Init
 .text.MX_TIM2_Init
                0x0000000008001150       0xe0 ./Core/Src/tim.o
                0x0000000008001150                MX_TIM2_Init
 .text.MX_TIM3_Init
                0x0000000008001230       0xe4 ./Core/Src/tim.o
                0x0000000008001230                MX_TIM3_Init
 .text.MX_TIM4_Init
                0x0000000008001314       0xe4 ./Core/Src/tim.o
                0x0000000008001314                MX_TIM4_Init
 .text.MX_TIM15_Init
                0x00000000080013f8       0xe8 ./Core/Src/tim.o
                0x00000000080013f8                MX_TIM15_Init
 .text.HAL_TIM_Base_MspInit
                0x00000000080014e0      0x224 ./Core/Src/tim.o
                0x00000000080014e0                HAL_TIM_Base_MspInit
 .text.HAL_TIM_MspPostInit
                0x0000000008001704       0x70 ./Core/Src/tim.o
                0x0000000008001704                HAL_TIM_MspPostInit
 .text.MX_UART4_Init
                0x0000000008001774       0x60 ./Core/Src/usart.o
                0x0000000008001774                MX_UART4_Init
 .text.MX_USART2_UART_Init
                0x00000000080017d4       0x60 ./Core/Src/usart.o
                0x00000000080017d4                MX_USART2_UART_Init
 .text.HAL_UART_MspInit
                0x0000000008001834       0xec ./Core/Src/usart.o
                0x0000000008001834                HAL_UART_MspInit
 .text.Reset_Handler
                0x0000000008001920       0x50 ./Core/Startup/startup_stm32f303retx.o
                0x0000000008001920                Reset_Handler
 .text.Default_Handler
                0x0000000008001970        0x2 ./Core/Startup/startup_stm32f303retx.o
                0x0000000008001970                RTC_Alarm_IRQHandler
                0x0000000008001970                TIM8_TRG_COM_IRQHandler
                0x0000000008001970                TIM8_CC_IRQHandler
                0x0000000008001970                SPI4_IRQHandler
                0x0000000008001970                TIM1_CC_IRQHandler
                0x0000000008001970                USB_HP_IRQHandler
                0x0000000008001970                PVD_IRQHandler
                0x0000000008001970                TAMP_STAMP_IRQHandler
                0x0000000008001970                EXTI3_IRQHandler
                0x0000000008001970                I2C3_ER_IRQHandler
                0x0000000008001970                USB_HP_CAN_TX_IRQHandler
                0x0000000008001970                EXTI0_IRQHandler
                0x0000000008001970                I2C2_EV_IRQHandler
                0x0000000008001970                FPU_IRQHandler
                0x0000000008001970                TIM1_UP_TIM16_IRQHandler
                0x0000000008001970                ADC1_2_IRQHandler
                0x0000000008001970                SPI1_IRQHandler
                0x0000000008001970                CAN_SCE_IRQHandler
                0x0000000008001970                TIM6_DAC_IRQHandler
                0x0000000008001970                TIM8_UP_IRQHandler
                0x0000000008001970                DMA2_Channel2_IRQHandler
                0x0000000008001970                DMA1_Channel4_IRQHandler
                0x0000000008001970                TIM20_TRG_COM_IRQHandler
                0x0000000008001970                USART3_IRQHandler
                0x0000000008001970                DMA1_Channel7_IRQHandler
                0x0000000008001970                UART5_IRQHandler
                0x0000000008001970                ADC3_IRQHandler
                0x0000000008001970                CAN_RX1_IRQHandler
                0x0000000008001970                DMA2_Channel1_IRQHandler
                0x0000000008001970                I2C1_EV_IRQHandler
                0x0000000008001970                DMA1_Channel6_IRQHandler
                0x0000000008001970                UART4_IRQHandler
                0x0000000008001970                DMA2_Channel4_IRQHandler
                0x0000000008001970                RCC_IRQHandler
                0x0000000008001970                TIM20_UP_IRQHandler
                0x0000000008001970                DMA1_Channel1_IRQHandler
                0x0000000008001970                Default_Handler
                0x0000000008001970                USBWakeUp_RMP_IRQHandler
                0x0000000008001970                EXTI15_10_IRQHandler
                0x0000000008001970                TIM7_IRQHandler
                0x0000000008001970                I2C3_EV_IRQHandler
                0x0000000008001970                EXTI9_5_IRQHandler
                0x0000000008001970                RTC_WKUP_IRQHandler
                0x0000000008001970                SPI2_IRQHandler
                0x0000000008001970                USB_LP_CAN_RX0_IRQHandler
                0x0000000008001970                DMA2_Channel5_IRQHandler
                0x0000000008001970                DMA1_Channel5_IRQHandler
                0x0000000008001970                USB_LP_IRQHandler
                0x0000000008001970                EXTI4_IRQHandler
                0x0000000008001970                TIM1_TRG_COM_TIM17_IRQHandler
                0x0000000008001970                DMA1_Channel3_IRQHandler
                0x0000000008001970                ADC4_IRQHandler
                0x0000000008001970                WWDG_IRQHandler
                0x0000000008001970                COMP7_IRQHandler
                0x0000000008001970                COMP1_2_3_IRQHandler
                0x0000000008001970                EXTI1_IRQHandler
                0x0000000008001970                USART2_IRQHandler
                0x0000000008001970                COMP4_5_6_IRQHandler
                0x0000000008001970                TIM20_BRK_IRQHandler
                0x0000000008001970                I2C2_ER_IRQHandler
                0x0000000008001970                DMA1_Channel2_IRQHandler
                0x0000000008001970                TIM8_BRK_IRQHandler
                0x0000000008001970                FLASH_IRQHandler
                0x0000000008001970                TIM20_CC_IRQHandler
                0x0000000008001970                USART1_IRQHandler
                0x0000000008001970                SPI3_IRQHandler
                0x0000000008001970                I2C1_ER_IRQHandler
                0x0000000008001970                FMC_IRQHandler
                0x0000000008001970                USBWakeUp_IRQHandler
                0x0000000008001970                DMA2_Channel3_IRQHandler
                0x0000000008001970                EXTI2_TSC_IRQHandler
 *fill*         0x0000000008001972        0x2 
 .text.HAL_Init
                0x0000000008001974       0x2c ./Drivers/STM32F3xx_HAL_Driver/Src/stm32f3xx_hal.o
                0x0000000008001974                HAL_Init
 .text.HAL_InitTick
                0x00000000080019a0       0x60 ./Drivers/STM32F3xx_HAL_Driver/Src/stm32f3xx_hal.o
                0x00000000080019a0                HAL_InitTick
 .text.HAL_IncTick
                0x0000000008001a00       0x28 ./Drivers/STM32F3xx_HAL_Driver/Src/stm32f3xx_hal.o
                0x0000000008001a00                HAL_IncTick
 .text.HAL_GetTick
                0x0000000008001a28       0x18 ./Drivers/STM32F3xx_HAL_Driver/Src/stm32f3xx_hal.o
                0x0000000008001a28                HAL_GetTick
 .text.HAL_Delay
                0x0000000008001a40       0x48 ./Drivers/STM32F3xx_HAL_Driver/Src/stm32f3xx_hal.o
                0x0000000008001a40                HAL_Delay
 .text.__NVIC_SetPriorityGrouping
                0x0000000008001a88       0x48 ./Drivers/STM32F3xx_HAL_Driver/Src/stm32f3xx_hal_cortex.o
 .text.__NVIC_GetPriorityGrouping
                0x0000000008001ad0       0x1c ./Drivers/STM32F3xx_HAL_Driver/Src/stm32f3xx_hal_cortex.o
 .text.__NVIC_EnableIRQ
                0x0000000008001aec       0x3c ./Drivers/STM32F3xx_HAL_Driver/Src/stm32f3xx_hal_cortex.o
 .text.__NVIC_SetPriority
                0x0000000008001b28       0x54 ./Drivers/STM32F3xx_HAL_Driver/Src/stm32f3xx_hal_cortex.o
 .text.NVIC_EncodePriority
                0x0000000008001b7c       0x66 ./Drivers/STM32F3xx_HAL_Driver/Src/stm32f3xx_hal_cortex.o
 *fill*         0x0000000008001be2        0x2 
 .text.SysTick_Config
                0x0000000008001be4       0x44 ./Drivers/STM32F3xx_HAL_Driver/Src/stm32f3xx_hal_cortex.o
 .text.HAL_NVIC_SetPriorityGrouping
                0x0000000008001c28       0x16 ./Drivers/STM32F3xx_HAL_Driver/Src/stm32f3xx_hal_cortex.o
                0x0000000008001c28                HAL_NVIC_SetPriorityGrouping
 .text.HAL_NVIC_SetPriority
                0x0000000008001c3e       0x38 ./Drivers/STM32F3xx_HAL_Driver/Src/stm32f3xx_hal_cortex.o
                0x0000000008001c3e                HAL_NVIC_SetPriority
 .text.HAL_NVIC_EnableIRQ
                0x0000000008001c76       0x1c ./Drivers/STM32F3xx_HAL_Driver/Src/stm32f3xx_hal_cortex.o
                0x0000000008001c76                HAL_NVIC_EnableIRQ
 .text.HAL_SYSTICK_Config
                0x0000000008001c92       0x18 ./Drivers/STM32F3xx_HAL_Driver/Src/stm32f3xx_hal_cortex.o
                0x0000000008001c92                HAL_SYSTICK_Config
 *fill*         0x0000000008001caa        0x2 
 .text.HAL_GPIO_Init
                0x0000000008001cac      0x314 ./Drivers/STM32F3xx_HAL_Driver/Src/stm32f3xx_hal_gpio.o
                0x0000000008001cac                HAL_GPIO_Init
 .text.HAL_GPIO_ReadPin
                0x0000000008001fc0       0x30 ./Drivers/STM32F3xx_HAL_Driver/Src/stm32f3xx_hal_gpio.o
                0x0000000008001fc0                HAL_GPIO_ReadPin
 .text.HAL_GPIO_WritePin
                0x0000000008001ff0       0x30 ./Drivers/STM32F3xx_HAL_Driver/Src/stm32f3xx_hal_gpio.o
                0x0000000008001ff0                HAL_GPIO_WritePin
 .text.HAL_GPIO_TogglePin
                0x0000000008002020       0x34 ./Drivers/STM32F3xx_HAL_Driver/Src/stm32f3xx_hal_gpio.o
                0x0000000008002020                HAL_GPIO_TogglePin
 .text.HAL_RCC_OscConfig
                0x0000000008002054     0x10a8 ./Drivers/STM32F3xx_HAL_Driver/Src/stm32f3xx_hal_rcc.o
                0x0000000008002054                HAL_RCC_OscConfig
 .text.HAL_RCC_ClockConfig
                0x00000000080030fc      0x2f8 ./Drivers/STM32F3xx_HAL_Driver/Src/stm32f3xx_hal_rcc.o
                0x00000000080030fc                HAL_RCC_ClockConfig
 .text.HAL_RCC_GetSysClockFreq
                0x00000000080033f4       0xd4 ./Drivers/STM32F3xx_HAL_Driver/Src/stm32f3xx_hal_rcc.o
                0x00000000080033f4                HAL_RCC_GetSysClockFreq
 .text.HAL_RCC_GetHCLKFreq
                0x00000000080034c8       0x18 ./Drivers/STM32F3xx_HAL_Driver/Src/stm32f3xx_hal_rcc.o
                0x00000000080034c8                HAL_RCC_GetHCLKFreq
 .text.HAL_RCC_GetPCLK1Freq
                0x00000000080034e0       0x44 ./Drivers/STM32F3xx_HAL_Driver/Src/stm32f3xx_hal_rcc.o
                0x00000000080034e0                HAL_RCC_GetPCLK1Freq
 .text.HAL_RCC_GetPCLK2Freq
                0x0000000008003524       0x44 ./Drivers/STM32F3xx_HAL_Driver/Src/stm32f3xx_hal_rcc.o
                0x0000000008003524                HAL_RCC_GetPCLK2Freq
 .text.HAL_RCCEx_PeriphCLKConfig
                0x0000000008003568      0x43c ./Drivers/STM32F3xx_HAL_Driver/Src/stm32f3xx_hal_rcc_ex.o
                0x0000000008003568                HAL_RCCEx_PeriphCLKConfig
 .text.HAL_TIM_Base_Init
                0x00000000080039a4       0xae ./Drivers/STM32F3xx_HAL_Driver/Src/stm32f3xx_hal_tim.o
                0x00000000080039a4                HAL_TIM_Base_Init
 .text.HAL_TIM_PWM_Init
                0x0000000008003a52       0xae ./Drivers/STM32F3xx_HAL_Driver/Src/stm32f3xx_hal_tim.o
                0x0000000008003a52                HAL_TIM_PWM_Init
 .text.HAL_TIM_PWM_MspInit
                0x0000000008003b00       0x14 ./Drivers/STM32F3xx_HAL_Driver/Src/stm32f3xx_hal_tim.o
                0x0000000008003b00                HAL_TIM_PWM_MspInit
 .text.HAL_TIM_PWM_Start
                0x0000000008003b14      0x218 ./Drivers/STM32F3xx_HAL_Driver/Src/stm32f3xx_hal_tim.o
                0x0000000008003b14                HAL_TIM_PWM_Start
 .text.HAL_TIM_IC_Init
                0x0000000008003d2c       0xae ./Drivers/STM32F3xx_HAL_Driver/Src/stm32f3xx_hal_tim.o
                0x0000000008003d2c                HAL_TIM_IC_Init
 .text.HAL_TIM_IC_MspInit
                0x0000000008003dda       0x14 ./Drivers/STM32F3xx_HAL_Driver/Src/stm32f3xx_hal_tim.o
                0x0000000008003dda                HAL_TIM_IC_MspInit
 *fill*         0x0000000008003dee        0x2 
 .text.HAL_TIM_IC_Start_IT
                0x0000000008003df0      0x294 ./Drivers/STM32F3xx_HAL_Driver/Src/stm32f3xx_hal_tim.o
                0x0000000008003df0                HAL_TIM_IC_Start_IT
 .text.HAL_TIM_IRQHandler
                0x0000000008004084      0x23e ./Drivers/STM32F3xx_HAL_Driver/Src/stm32f3xx_hal_tim.o
                0x0000000008004084                HAL_TIM_IRQHandler
 .text.HAL_TIM_IC_ConfigChannel
                0x00000000080042c2      0x138 ./Drivers/STM32F3xx_HAL_Driver/Src/stm32f3xx_hal_tim.o
                0x00000000080042c2                HAL_TIM_IC_ConfigChannel
 *fill*         0x00000000080043fa        0x2 
 .text.HAL_TIM_PWM_ConfigChannel
                0x00000000080043fc      0x228 ./Drivers/STM32F3xx_HAL_Driver/Src/stm32f3xx_hal_tim.o
                0x00000000080043fc                HAL_TIM_PWM_ConfigChannel
 .text.HAL_TIM_ConfigClockSource
                0x0000000008004624      0x192 ./Drivers/STM32F3xx_HAL_Driver/Src/stm32f3xx_hal_tim.o
                0x0000000008004624                HAL_TIM_ConfigClockSource
 *fill*         0x00000000080047b6        0x2 
 .text.HAL_TIM_ReadCapturedValue
                0x00000000080047b8       0x88 ./Drivers/STM32F3xx_HAL_Driver/Src/stm32f3xx_hal_tim.o
                0x00000000080047b8                HAL_TIM_ReadCapturedValue
 .text.HAL_TIM_PeriodElapsedCallback
                0x0000000008004840       0x14 ./Drivers/STM32F3xx_HAL_Driver/Src/stm32f3xx_hal_tim.o
                0x0000000008004840                HAL_TIM_PeriodElapsedCallback
 .text.HAL_TIM_OC_DelayElapsedCallback
                0x0000000008004854       0x14 ./Drivers/STM32F3xx_HAL_Driver/Src/stm32f3xx_hal_tim.o
                0x0000000008004854                HAL_TIM_OC_DelayElapsedCallback
 .text.HAL_TIM_PWM_PulseFinishedCallback
                0x0000000008004868       0x14 ./Drivers/STM32F3xx_HAL_Driver/Src/stm32f3xx_hal_tim.o
                0x0000000008004868                HAL_TIM_PWM_PulseFinishedCallback
 .text.HAL_TIM_TriggerCallback
                0x000000000800487c       0x14 ./Drivers/STM32F3xx_HAL_Driver/Src/stm32f3xx_hal_tim.o
                0x000000000800487c                HAL_TIM_TriggerCallback
 .text.TIM_Base_SetConfig
                0x0000000008004890      0x13c ./Drivers/STM32F3xx_HAL_Driver/Src/stm32f3xx_hal_tim.o
                0x0000000008004890                TIM_Base_SetConfig
 .text.TIM_OC1_SetConfig
                0x00000000080049cc      0x134 ./Drivers/STM32F3xx_HAL_Driver/Src/stm32f3xx_hal_tim.o
 .text.TIM_OC2_SetConfig
                0x0000000008004b00      0x128 ./Drivers/STM32F3xx_HAL_Driver/Src/stm32f3xx_hal_tim.o
                0x0000000008004b00                TIM_OC2_SetConfig
 .text.TIM_OC3_SetConfig
                0x0000000008004c28      0x124 ./Drivers/STM32F3xx_HAL_Driver/Src/stm32f3xx_hal_tim.o
 .text.TIM_OC4_SetConfig
                0x0000000008004d4c       0xe0 ./Drivers/STM32F3xx_HAL_Driver/Src/stm32f3xx_hal_tim.o
 .text.TIM_OC5_SetConfig
                0x0000000008004e2c       0xd4 ./Drivers/STM32F3xx_HAL_Driver/Src/stm32f3xx_hal_tim.o
 .text.TIM_OC6_SetConfig
                0x0000000008004f00       0xd8 ./Drivers/STM32F3xx_HAL_Driver/Src/stm32f3xx_hal_tim.o
 .text.TIM_TI1_SetConfig
                0x0000000008004fd8       0xdc ./Drivers/STM32F3xx_HAL_Driver/Src/stm32f3xx_hal_tim.o
                0x0000000008004fd8                TIM_TI1_SetConfig
 .text.TIM_TI1_ConfigInputStage
                0x00000000080050b4       0x5e ./Drivers/STM32F3xx_HAL_Driver/Src/stm32f3xx_hal_tim.o
 .text.TIM_TI2_SetConfig
                0x0000000008005112       0x7a ./Drivers/STM32F3xx_HAL_Driver/Src/stm32f3xx_hal_tim.o
 .text.TIM_TI2_ConfigInputStage
                0x000000000800518c       0x60 ./Drivers/STM32F3xx_HAL_Driver/Src/stm32f3xx_hal_tim.o
 .text.TIM_TI3_SetConfig
                0x00000000080051ec       0x78 ./Drivers/STM32F3xx_HAL_Driver/Src/stm32f3xx_hal_tim.o
 .text.TIM_TI4_SetConfig
                0x0000000008005264       0x7a ./Drivers/STM32F3xx_HAL_Driver/Src/stm32f3xx_hal_tim.o
 .text.TIM_ITRx_SetConfig
                0x00000000080052de       0x36 ./Drivers/STM32F3xx_HAL_Driver/Src/stm32f3xx_hal_tim.o
 .text.TIM_ETR_SetConfig
                0x0000000008005314       0x40 ./Drivers/STM32F3xx_HAL_Driver/Src/stm32f3xx_hal_tim.o
                0x0000000008005314                TIM_ETR_SetConfig
 .text.TIM_CCxChannelCmd
                0x0000000008005354       0x4a ./Drivers/STM32F3xx_HAL_Driver/Src/stm32f3xx_hal_tim.o
                0x0000000008005354                TIM_CCxChannelCmd
 *fill*         0x000000000800539e        0x2 
 .text.HAL_TIMEx_MasterConfigSynchronization
                0x00000000080053a0      0x118 ./Drivers/STM32F3xx_HAL_Driver/Src/stm32f3xx_hal_tim_ex.o
                0x00000000080053a0                HAL_TIMEx_MasterConfigSynchronization
 .text.HAL_TIMEx_ConfigBreakDeadTime
                0x00000000080054b8      0x10c ./Drivers/STM32F3xx_HAL_Driver/Src/stm32f3xx_hal_tim_ex.o
                0x00000000080054b8                HAL_TIMEx_ConfigBreakDeadTime
 .text.HAL_TIMEx_CommutCallback
                0x00000000080055c4       0x14 ./Drivers/STM32F3xx_HAL_Driver/Src/stm32f3xx_hal_tim_ex.o
                0x00000000080055c4                HAL_TIMEx_CommutCallback
 .text.HAL_TIMEx_BreakCallback
                0x00000000080055d8       0x14 ./Drivers/STM32F3xx_HAL_Driver/Src/stm32f3xx_hal_tim_ex.o
                0x00000000080055d8                HAL_TIMEx_BreakCallback
 .text.HAL_TIMEx_Break2Callback
                0x00000000080055ec       0x14 ./Drivers/STM32F3xx_HAL_Driver/Src/stm32f3xx_hal_tim_ex.o
                0x00000000080055ec                HAL_TIMEx_Break2Callback
 .text.HAL_UART_Init
                0x0000000008005600       0x9c ./Drivers/STM32F3xx_HAL_Driver/Src/stm32f3xx_hal_uart.o
                0x0000000008005600                HAL_UART_Init
 .text.HAL_UART_Transmit
                0x000000000800569c      0x114 ./Drivers/STM32F3xx_HAL_Driver/Src/stm32f3xx_hal_uart.o
                0x000000000800569c                HAL_UART_Transmit
 .text.HAL_UART_Receive
                0x00000000080057b0      0x192 ./Drivers/STM32F3xx_HAL_Driver/Src/stm32f3xx_hal_uart.o
                0x00000000080057b0                HAL_UART_Receive
 *fill*         0x0000000008005942        0x2 
 .text.UART_SetConfig
                0x0000000008005944      0x3a8 ./Drivers/STM32F3xx_HAL_Driver/Src/stm32f3xx_hal_uart.o
                0x0000000008005944                UART_SetConfig
 .text.UART_AdvFeatureConfig
                0x0000000008005cec      0x144 ./Drivers/STM32F3xx_HAL_Driver/Src/stm32f3xx_hal_uart.o
                0x0000000008005cec                UART_AdvFeatureConfig
 .text.UART_CheckIdleState
                0x0000000008005e30      0x150 ./Drivers/STM32F3xx_HAL_Driver/Src/stm32f3xx_hal_uart.o
                0x0000000008005e30                UART_CheckIdleState
 .text.UART_WaitOnFlagUntilTimeout
                0x0000000008005f80       0xce ./Drivers/STM32F3xx_HAL_Driver/Src/stm32f3xx_hal_uart.o
                0x0000000008005f80                UART_WaitOnFlagUntilTimeout
 .text.UART_EndRxTransfer
                0x000000000800604e       0xc8 ./Drivers/STM32F3xx_HAL_Driver/Src/stm32f3xx_hal_uart.o
 .text.memset   0x0000000008006116       0x10 C:/ST/STM32CubeIDE_1.13.1/STM32CubeIDE/plugins/com.st.stm32cube.ide.mcu.externaltools.gnu-tools-for-stm32.11.3.rel1.win32_1.1.0.202305231506/tools/bin/../lib/gcc/arm-none-eabi/11.3.1/../../../../arm-none-eabi/lib/thumb/v7e-m+fp/hard\libc_nano.a(libc_a-memset.o)
                0x0000000008006116                memset
 *fill*         0x0000000008006126        0x2 
 .text.__libc_init_array
                0x0000000008006128       0x48 C:/ST/STM32CubeIDE_1.13.1/STM32CubeIDE/plugins/com.st.stm32cube.ide.mcu.externaltools.gnu-tools-for-stm32.11.3.rel1.win32_1.1.0.202305231506/tools/bin/../lib/gcc/arm-none-eabi/11.3.1/../../../../arm-none-eabi/lib/thumb/v7e-m+fp/hard\libc_nano.a(libc_a-init.o)
                0x0000000008006128                __libc_init_array
 *(.glue_7)
 .glue_7        0x0000000008006170        0x0 linker stubs
 *(.glue_7t)
 .glue_7t       0x0000000008006170        0x0 linker stubs
 *(.eh_frame)
 .eh_frame      0x0000000008006170        0x0 C:/ST/STM32CubeIDE_1.13.1/STM32CubeIDE/plugins/com.st.stm32cube.ide.mcu.externaltools.gnu-tools-for-stm32.11.3.rel1.win32_1.1.0.202305231506/tools/bin/../lib/gcc/arm-none-eabi/11.3.1/thumb/v7e-m+fp/hard/crtbegin.o
 *(.init)
 .init          0x0000000008006170        0x4 C:/ST/STM32CubeIDE_1.13.1/STM32CubeIDE/plugins/com.st.stm32cube.ide.mcu.externaltools.gnu-tools-for-stm32.11.3.rel1.win32_1.1.0.202305231506/tools/bin/../lib/gcc/arm-none-eabi/11.3.1/thumb/v7e-m+fp/hard/crti.o
                0x0000000008006170                _init
 .init          0x0000000008006174        0x8 C:/ST/STM32CubeIDE_1.13.1/STM32CubeIDE/plugins/com.st.stm32cube.ide.mcu.externaltools.gnu-tools-for-stm32.11.3.rel1.win32_1.1.0.202305231506/tools/bin/../lib/gcc/arm-none-eabi/11.3.1/thumb/v7e-m+fp/hard/crtn.o
 *(.fini)
 .fini          0x000000000800617c        0x4 C:/ST/STM32CubeIDE_1.13.1/STM32CubeIDE/plugins/com.st.stm32cube.ide.mcu.externaltools.gnu-tools-for-stm32.11.3.rel1.win32_1.1.0.202305231506/tools/bin/../lib/gcc/arm-none-eabi/11.3.1/thumb/v7e-m+fp/hard/crti.o
                0x000000000800617c                _fini
 .fini          0x0000000008006180        0x8 C:/ST/STM32CubeIDE_1.13.1/STM32CubeIDE/plugins/com.st.stm32cube.ide.mcu.externaltools.gnu-tools-for-stm32.11.3.rel1.win32_1.1.0.202305231506/tools/bin/../lib/gcc/arm-none-eabi/11.3.1/thumb/v7e-m+fp/hard/crtn.o
                0x0000000008006188                . = ALIGN (0x4)
                0x0000000008006188                _etext = .

.vfp11_veneer   0x0000000008006188        0x0
 .vfp11_veneer  0x0000000008006188        0x0 linker stubs

.v4_bx          0x0000000008006188        0x0
 .v4_bx         0x0000000008006188        0x0 linker stubs

.iplt           0x0000000008006188        0x0
 .iplt          0x0000000008006188        0x0 C:/ST/STM32CubeIDE_1.13.1/STM32CubeIDE/plugins/com.st.stm32cube.ide.mcu.externaltools.gnu-tools-for-stm32.11.3.rel1.win32_1.1.0.202305231506/tools/bin/../lib/gcc/arm-none-eabi/11.3.1/thumb/v7e-m+fp/hard/crtbegin.o

.rodata         0x0000000008006188       0x38
                0x0000000008006188                . = ALIGN (0x4)
 *(.rodata)
 *(.rodata*)
 .rodata.AHBPrescTable
                0x0000000008006188       0x10 ./Core/Src/system_stm32f3xx.o
                0x0000000008006188                AHBPrescTable
 .rodata.APBPrescTable
                0x0000000008006198        0x8 ./Core/Src/system_stm32f3xx.o
                0x0000000008006198                APBPrescTable
 .rodata.aPLLMULFactorTable
                0x00000000080061a0       0x10 ./Drivers/STM32F3xx_HAL_Driver/Src/stm32f3xx_hal_rcc.o
 .rodata.aPredivFactorTable
                0x00000000080061b0       0x10 ./Drivers/STM32F3xx_HAL_Driver/Src/stm32f3xx_hal_rcc.o
                0x00000000080061c0                . = ALIGN (0x4)

.rel.dyn        0x00000000080061c0        0x0
 .rel.iplt      0x00000000080061c0        0x0 C:/ST/STM32CubeIDE_1.13.1/STM32CubeIDE/plugins/com.st.stm32cube.ide.mcu.externaltools.gnu-tools-for-stm32.11.3.rel1.win32_1.1.0.202305231506/tools/bin/../lib/gcc/arm-none-eabi/11.3.1/thumb/v7e-m+fp/hard/crtbegin.o

.ARM.extab      0x00000000080061c0        0x0
                0x00000000080061c0                . = ALIGN (0x4)
 *(.ARM.extab* .gnu.linkonce.armextab.*)
                0x00000000080061c0                . = ALIGN (0x4)

.ARM            0x00000000080061c0        0x0
                0x00000000080061c0                . = ALIGN (0x4)
                0x00000000080061c0                __exidx_start = .
 *(.ARM.exidx*)
                0x00000000080061c0                __exidx_end = .
                0x00000000080061c0                . = ALIGN (0x4)

.preinit_array  0x00000000080061c0        0x0
                0x00000000080061c0                . = ALIGN (0x4)
                0x00000000080061c0                PROVIDE (__preinit_array_start = .)
 *(.preinit_array*)
                0x00000000080061c0                PROVIDE (__preinit_array_end = .)
                0x00000000080061c0                . = ALIGN (0x4)

.init_array     0x00000000080061c0        0x4
                0x00000000080061c0                . = ALIGN (0x4)
                0x00000000080061c0                PROVIDE (__init_array_start = .)
 *(SORT_BY_NAME(.init_array.*))
 *(.init_array*)
 .init_array    0x00000000080061c0        0x4 C:/ST/STM32CubeIDE_1.13.1/STM32CubeIDE/plugins/com.st.stm32cube.ide.mcu.externaltools.gnu-tools-for-stm32.11.3.rel1.win32_1.1.0.202305231506/tools/bin/../lib/gcc/arm-none-eabi/11.3.1/thumb/v7e-m+fp/hard/crtbegin.o
                0x00000000080061c4                PROVIDE (__init_array_end = .)
                0x00000000080061c4                . = ALIGN (0x4)

.fini_array     0x00000000080061c4        0x4
                0x00000000080061c4                . = ALIGN (0x4)
                [!provide]                        PROVIDE (__fini_array_start = .)
 *(SORT_BY_NAME(.fini_array.*))
 *(.fini_array*)
 .fini_array    0x00000000080061c4        0x4 C:/ST/STM32CubeIDE_1.13.1/STM32CubeIDE/plugins/com.st.stm32cube.ide.mcu.externaltools.gnu-tools-for-stm32.11.3.rel1.win32_1.1.0.202305231506/tools/bin/../lib/gcc/arm-none-eabi/11.3.1/thumb/v7e-m+fp/hard/crtbegin.o
                [!provide]                        PROVIDE (__fini_array_end = .)
                0x00000000080061c8                . = ALIGN (0x4)
                0x00000000080061c8                _sidata = LOADADDR (.data)

.data           0x0000000020000000        0xc load address 0x00000000080061c8
                0x0000000020000000                . = ALIGN (0x4)
                0x0000000020000000                _sdata = .
 *(.data)
 *(.data*)
 .data.SystemCoreClock
                0x0000000020000000        0x4 ./Core/Src/system_stm32f3xx.o
                0x0000000020000000                SystemCoreClock
 .data.uwTickPrio
                0x0000000020000004        0x4 ./Drivers/STM32F3xx_HAL_Driver/Src/stm32f3xx_hal.o
                0x0000000020000004                uwTickPrio
 .data.uwTickFreq
                0x0000000020000008        0x1 ./Drivers/STM32F3xx_HAL_Driver/Src/stm32f3xx_hal.o
                0x0000000020000008                uwTickFreq
 *(.RamFunc)
 *(.RamFunc*)
                0x000000002000000c                . = ALIGN (0x4)
 *fill*         0x0000000020000009        0x3 
                0x000000002000000c                _edata = .
                0x00000000080061d4                _siccmram = LOADADDR (.ccmram)

.igot.plt       0x000000002000000c        0x0 load address 0x00000000080061d4
 .igot.plt      0x000000002000000c        0x0 C:/ST/STM32CubeIDE_1.13.1/STM32CubeIDE/plugins/com.st.stm32cube.ide.mcu.externaltools.gnu-tools-for-stm32.11.3.rel1.win32_1.1.0.202305231506/tools/bin/../lib/gcc/arm-none-eabi/11.3.1/thumb/v7e-m+fp/hard/crtbegin.o

.ccmram         0x0000000010000000        0x0 load address 0x00000000080061d4
                0x0000000010000000                . = ALIGN (0x4)
                0x0000000010000000                _sccmram = .
 *(.ccmram)
 *(.ccmram*)
                0x0000000010000000                . = ALIGN (0x4)
                0x0000000010000000                _eccmram = .
                0x0000000010000000                . = ALIGN (0x4)

.bss            0x000000002000000c      0x2dc
                0x000000002000000c                _sbss = .
                0x000000002000000c                __bss_start__ = _sbss
 *(.bss)
 .bss           0x000000002000000c       0x1c C:/ST/STM32CubeIDE_1.13.1/STM32CubeIDE/plugins/com.st.stm32cube.ide.mcu.externaltools.gnu-tools-for-stm32.11.3.rel1.win32_1.1.0.202305231506/tools/bin/../lib/gcc/arm-none-eabi/11.3.1/thumb/v7e-m+fp/hard/crtbegin.o
 *(.bss*)
 .bss.count     0x0000000020000028        0x4 ./Core/Src/main.o
                0x0000000020000028                count
 .bss.t1        0x000000002000002c        0x8 ./Core/Src/main.o
                0x000000002000002c                t1
 .bss.t2        0x0000000020000034        0x8 ./Core/Src/main.o
                0x0000000020000034                t2
 .bss.diff      0x000000002000003c        0x8 ./Core/Src/main.o
                0x000000002000003c                diff
 .bss.d         0x0000000020000044        0x8 ./Core/Src/main.o
                0x0000000020000044                d
 .bss.trig_flag
                0x000000002000004c        0x2 ./Core/Src/main.o
                0x000000002000004c                trig_flag
 .bss.Data      0x000000002000004e        0x1 ./Core/Src/main.o
                0x000000002000004e                Data
 .bss.Mode_Flag
                0x000000002000004f        0x1 ./Core/Src/main.o
                0x000000002000004f                Mode_Flag
 .bss.count.7   0x0000000020000050        0x1 ./Core/Src/main.o
 .bss.park_not_found.6
                0x0000000020000051        0x1 ./Core/Src/main.o
 .bss.TimerToStop.5
                0x0000000020000052        0x1 ./Core/Src/main.o
 .bss.IR_handle_flag.4
                0x0000000020000053        0x1 ./Core/Src/main.o
 .bss.phase.3   0x0000000020000054        0x1 ./Core/Src/main.o
 .bss.t5mesa_timer.2
                0x0000000020000055        0x1 ./Core/Src/main.o
 .bss.kareem_flag.1
                0x0000000020000056        0x1 ./Core/Src/main.o
 .bss.kareem_counter.0
                0x0000000020000057        0x1 ./Core/Src/main.o
 .bss.htim1     0x0000000020000058       0x4c ./Core/Src/tim.o
                0x0000000020000058                htim1
 .bss.htim2     0x00000000200000a4       0x4c ./Core/Src/tim.o
                0x00000000200000a4                htim2
 .bss.htim3     0x00000000200000f0       0x4c ./Core/Src/tim.o
                0x00000000200000f0                htim3
 .bss.htim4     0x000000002000013c       0x4c ./Core/Src/tim.o
                0x000000002000013c                htim4
 .bss.htim15    0x0000000020000188       0x4c ./Core/Src/tim.o
                0x0000000020000188                htim15
 .bss.huart4    0x00000000200001d4       0x88 ./Core/Src/usart.o
                0x00000000200001d4                huart4
 .bss.huart2    0x000000002000025c       0x88 ./Core/Src/usart.o
                0x000000002000025c                huart2
 .bss.uwTick    0x00000000200002e4        0x4 ./Drivers/STM32F3xx_HAL_Driver/Src/stm32f3xx_hal.o
                0x00000000200002e4                uwTick
 *(COMMON)
                0x00000000200002e8                . = ALIGN (0x4)
                0x00000000200002e8                _ebss = .
                0x00000000200002e8                __bss_end__ = _ebss

._user_heap_stack
                0x00000000200002e8      0x600
                0x00000000200002e8                . = ALIGN (0x8)
                [!provide]                        PROVIDE (end = .)
                0x00000000200002e8                PROVIDE (_end = .)
                0x00000000200004e8                . = (. + _Min_Heap_Size)
 *fill*         0x00000000200002e8      0x200 
                0x00000000200008e8                . = (. + _Min_Stack_Size)
 *fill*         0x00000000200004e8      0x400 
                0x00000000200008e8                . = ALIGN (0x8)

/DISCARD/
 libc.a(*)
 libm.a(*)
 libgcc.a(*)

.ARM.attributes
                0x0000000000000000       0x30
 *(.ARM.attributes)
 .ARM.attributes
                0x0000000000000000       0x1e C:/ST/STM32CubeIDE_1.13.1/STM32CubeIDE/plugins/com.st.stm32cube.ide.mcu.externaltools.gnu-tools-for-stm32.11.3.rel1.win32_1.1.0.202305231506/tools/bin/../lib/gcc/arm-none-eabi/11.3.1/thumb/v7e-m+fp/hard/crti.o
 .ARM.attributes
                0x000000000000001e       0x34 C:/ST/STM32CubeIDE_1.13.1/STM32CubeIDE/plugins/com.st.stm32cube.ide.mcu.externaltools.gnu-tools-for-stm32.11.3.rel1.win32_1.1.0.202305231506/tools/bin/../lib/gcc/arm-none-eabi/11.3.1/thumb/v7e-m+fp/hard/crtbegin.o
 .ARM.attributes
                0x0000000000000052       0x34 ./Core/Src/DC_MOTOR.o
 .ARM.attributes
                0x0000000000000086       0x34 ./Core/Src/gpio.o
 .ARM.attributes
                0x00000000000000ba       0x34 ./Core/Src/main.o
 .ARM.attributes
                0x00000000000000ee       0x34 ./Core/Src/stm32f3xx_hal_msp.o
 .ARM.attributes
                0x0000000000000122       0x34 ./Core/Src/stm32f3xx_it.o
 .ARM.attributes
                0x0000000000000156       0x34 ./Core/Src/system_stm32f3xx.o
 .ARM.attributes
                0x000000000000018a       0x34 ./Core/Src/tim.o
 .ARM.attributes
                0x00000000000001be       0x34 ./Core/Src/usart.o
 .ARM.attributes
                0x00000000000001f2       0x21 ./Core/Startup/startup_stm32f303retx.o
 .ARM.attributes
                0x0000000000000213       0x34 ./Drivers/STM32F3xx_HAL_Driver/Src/stm32f3xx_hal.o
 .ARM.attributes
                0x0000000000000247       0x34 ./Drivers/STM32F3xx_HAL_Driver/Src/stm32f3xx_hal_cortex.o
 .ARM.attributes
                0x000000000000027b       0x34 ./Drivers/STM32F3xx_HAL_Driver/Src/stm32f3xx_hal_gpio.o
 .ARM.attributes
                0x00000000000002af       0x34 ./Drivers/STM32F3xx_HAL_Driver/Src/stm32f3xx_hal_rcc.o
 .ARM.attributes
                0x00000000000002e3       0x34 ./Drivers/STM32F3xx_HAL_Driver/Src/stm32f3xx_hal_rcc_ex.o
 .ARM.attributes
                0x0000000000000317       0x34 ./Drivers/STM32F3xx_HAL_Driver/Src/stm32f3xx_hal_tim.o
 .ARM.attributes
                0x000000000000034b       0x34 ./Drivers/STM32F3xx_HAL_Driver/Src/stm32f3xx_hal_tim_ex.o
 .ARM.attributes
                0x000000000000037f       0x34 ./Drivers/STM32F3xx_HAL_Driver/Src/stm32f3xx_hal_uart.o
 .ARM.attributes
                0x00000000000003b3       0x34 C:/ST/STM32CubeIDE_1.13.1/STM32CubeIDE/plugins/com.st.stm32cube.ide.mcu.externaltools.gnu-tools-for-stm32.11.3.rel1.win32_1.1.0.202305231506/tools/bin/../lib/gcc/arm-none-eabi/11.3.1/../../../../arm-none-eabi/lib/thumb/v7e-m+fp/hard\libc_nano.a(libc_a-memset.o)
 .ARM.attributes
                0x00000000000003e7       0x34 C:/ST/STM32CubeIDE_1.13.1/STM32CubeIDE/plugins/com.st.stm32cube.ide.mcu.externaltools.gnu-tools-for-stm32.11.3.rel1.win32_1.1.0.202305231506/tools/bin/../lib/gcc/arm-none-eabi/11.3.1/../../../../arm-none-eabi/lib/thumb/v7e-m+fp/hard\libc_nano.a(libc_a-init.o)
 .ARM.attributes
                0x000000000000041b       0x1e C:/ST/STM32CubeIDE_1.13.1/STM32CubeIDE/plugins/com.st.stm32cube.ide.mcu.externaltools.gnu-tools-for-stm32.11.3.rel1.win32_1.1.0.202305231506/tools/bin/../lib/gcc/arm-none-eabi/11.3.1/thumb/v7e-m+fp/hard/crtn.o
OUTPUT(parking.elf elf32-littlearm)
LOAD linker stubs
LOAD C:/ST/STM32CubeIDE_1.13.1/STM32CubeIDE/plugins/com.st.stm32cube.ide.mcu.externaltools.gnu-tools-for-stm32.11.3.rel1.win32_1.1.0.202305231506/tools/bin/../lib/gcc/arm-none-eabi/11.3.1/../../../../arm-none-eabi/lib/thumb/v7e-m+fp/hard\libc.a
LOAD C:/ST/STM32CubeIDE_1.13.1/STM32CubeIDE/plugins/com.st.stm32cube.ide.mcu.externaltools.gnu-tools-for-stm32.11.3.rel1.win32_1.1.0.202305231506/tools/bin/../lib/gcc/arm-none-eabi/11.3.1/../../../../arm-none-eabi/lib/thumb/v7e-m+fp/hard\libm.a
LOAD C:/ST/STM32CubeIDE_1.13.1/STM32CubeIDE/plugins/com.st.stm32cube.ide.mcu.externaltools.gnu-tools-for-stm32.11.3.rel1.win32_1.1.0.202305231506/tools/bin/../lib/gcc/arm-none-eabi/11.3.1/thumb/v7e-m+fp/hard\libgcc.a

.comment        0x0000000000000000       0x43
 .comment       0x0000000000000000       0x43 C:/ST/STM32CubeIDE_1.13.1/STM32CubeIDE/plugins/com.st.stm32cube.ide.mcu.externaltools.gnu-tools-for-stm32.11.3.rel1.win32_1.1.0.202305231506/tools/bin/../lib/gcc/arm-none-eabi/11.3.1/thumb/v7e-m+fp/hard/crtbegin.o
                                         0x44 (size before relaxing)
 .comment       0x0000000000000043       0x44 ./Core/Src/DC_MOTOR.o
 .comment       0x0000000000000043       0x44 ./Core/Src/gpio.o
 .comment       0x0000000000000043       0x44 ./Core/Src/main.o
 .comment       0x0000000000000043       0x44 ./Core/Src/stm32f3xx_hal_msp.o
 .comment       0x0000000000000043       0x44 ./Core/Src/stm32f3xx_it.o
 .comment       0x0000000000000043       0x44 ./Core/Src/system_stm32f3xx.o
 .comment       0x0000000000000043       0x44 ./Core/Src/tim.o
 .comment       0x0000000000000043       0x44 ./Core/Src/usart.o
 .comment       0x0000000000000043       0x44 ./Drivers/STM32F3xx_HAL_Driver/Src/stm32f3xx_hal.o
 .comment       0x0000000000000043       0x44 ./Drivers/STM32F3xx_HAL_Driver/Src/stm32f3xx_hal_cortex.o
 .comment       0x0000000000000043       0x44 ./Drivers/STM32F3xx_HAL_Driver/Src/stm32f3xx_hal_gpio.o
 .comment       0x0000000000000043       0x44 ./Drivers/STM32F3xx_HAL_Driver/Src/stm32f3xx_hal_rcc.o
 .comment       0x0000000000000043       0x44 ./Drivers/STM32F3xx_HAL_Driver/Src/stm32f3xx_hal_rcc_ex.o
 .comment       0x0000000000000043       0x44 ./Drivers/STM32F3xx_HAL_Driver/Src/stm32f3xx_hal_tim.o
 .comment       0x0000000000000043       0x44 ./Drivers/STM32F3xx_HAL_Driver/Src/stm32f3xx_hal_tim_ex.o
 .comment       0x0000000000000043       0x44 ./Drivers/STM32F3xx_HAL_Driver/Src/stm32f3xx_hal_uart.o

.debug_info     0x0000000000000000     0xf694
 .debug_info    0x0000000000000000      0x82b ./Core/Src/DC_MOTOR.o
 .debug_info    0x000000000000082b      0x33d ./Core/Src/gpio.o
 .debug_info    0x0000000000000b68     0x1330 ./Core/Src/main.o
 .debug_info    0x0000000000001e98      0x1a0 ./Core/Src/stm32f3xx_hal_msp.o
 .debug_info    0x0000000000002038      0x735 ./Core/Src/stm32f3xx_it.o
 .debug_info    0x000000000000276d      0x407 ./Core/Src/system_stm32f3xx.o
 .debug_info    0x0000000000002b74     0x1134 ./Core/Src/tim.o
 .debug_info    0x0000000000003ca8      0x975 ./Core/Src/usart.o
 .debug_info    0x000000000000461d       0x23 ./Core/Startup/startup_stm32f303retx.o
 .debug_info    0x0000000000004640      0x804 ./Drivers/STM32F3xx_HAL_Driver/Src/stm32f3xx_hal.o
 .debug_info    0x0000000000004e44      0xcdf ./Drivers/STM32F3xx_HAL_Driver/Src/stm32f3xx_hal_cortex.o
 .debug_info    0x0000000000005b23      0x6a6 ./Drivers/STM32F3xx_HAL_Driver/Src/stm32f3xx_hal_gpio.o
 .debug_info    0x00000000000061c9     0x1501 ./Drivers/STM32F3xx_HAL_Driver/Src/stm32f3xx_hal_rcc.o
 .debug_info    0x00000000000076ca      0x663 ./Drivers/STM32F3xx_HAL_Driver/Src/stm32f3xx_hal_rcc_ex.o
 .debug_info    0x0000000000007d2d     0x2a52 ./Drivers/STM32F3xx_HAL_Driver/Src/stm32f3xx_hal_tim.o
 .debug_info    0x000000000000a77f     0x156d ./Drivers/STM32F3xx_HAL_Driver/Src/stm32f3xx_hal_tim_ex.o
 .debug_info    0x000000000000bcec     0x39a8 ./Drivers/STM32F3xx_HAL_Driver/Src/stm32f3xx_hal_uart.o

.debug_abbrev   0x0000000000000000     0x2276
 .debug_abbrev  0x0000000000000000      0x1c2 ./Core/Src/DC_MOTOR.o
 .debug_abbrev  0x00000000000001c2      0x151 ./Core/Src/gpio.o
 .debug_abbrev  0x0000000000000313      0x36a ./Core/Src/main.o
 .debug_abbrev  0x000000000000067d       0xe2 ./Core/Src/stm32f3xx_hal_msp.o
 .debug_abbrev  0x000000000000075f      0x194 ./Core/Src/stm32f3xx_it.o
 .debug_abbrev  0x00000000000008f3      0x11a ./Core/Src/system_stm32f3xx.o
 .debug_abbrev  0x0000000000000a0d      0x243 ./Core/Src/tim.o
 .debug_abbrev  0x0000000000000c50      0x1fb ./Core/Src/usart.o
 .debug_abbrev  0x0000000000000e4b       0x12 ./Core/Startup/startup_stm32f303retx.o
 .debug_abbrev  0x0000000000000e5d      0x215 ./Drivers/STM32F3xx_HAL_Driver/Src/stm32f3xx_hal.o
 .debug_abbrev  0x0000000000001072      0x329 ./Drivers/STM32F3xx_HAL_Driver/Src/stm32f3xx_hal_cortex.o
 .debug_abbrev  0x000000000000139b      0x1ca ./Drivers/STM32F3xx_HAL_Driver/Src/stm32f3xx_hal_gpio.o
 .debug_abbrev  0x0000000000001565      0x300 ./Drivers/STM32F3xx_HAL_Driver/Src/stm32f3xx_hal_rcc.o
 .debug_abbrev  0x0000000000001865      0x245 ./Drivers/STM32F3xx_HAL_Driver/Src/stm32f3xx_hal_rcc_ex.o
 .debug_abbrev  0x0000000000001aaa      0x278 ./Drivers/STM32F3xx_HAL_Driver/Src/stm32f3xx_hal_tim.o
 .debug_abbrev  0x0000000000001d22      0x283 ./Drivers/STM32F3xx_HAL_Driver/Src/stm32f3xx_hal_tim_ex.o
 .debug_abbrev  0x0000000000001fa5      0x2d1 ./Drivers/STM32F3xx_HAL_Driver/Src/stm32f3xx_hal_uart.o

.debug_aranges  0x0000000000000000      0xce0
 .debug_aranges
                0x0000000000000000       0x40 ./Core/Src/DC_MOTOR.o
 .debug_aranges
                0x0000000000000040       0x20 ./Core/Src/gpio.o
 .debug_aranges
                0x0000000000000060       0x70 ./Core/Src/main.o
 .debug_aranges
                0x00000000000000d0       0x20 ./Core/Src/stm32f3xx_hal_msp.o
 .debug_aranges
                0x00000000000000f0       0x80 ./Core/Src/stm32f3xx_it.o
 .debug_aranges
                0x0000000000000170       0x28 ./Core/Src/system_stm32f3xx.o
 .debug_aranges
                0x0000000000000198       0x58 ./Core/Src/tim.o
 .debug_aranges
                0x00000000000001f0       0x38 ./Core/Src/usart.o
 .debug_aranges
                0x0000000000000228       0x28 ./Core/Startup/startup_stm32f303retx.o
 .debug_aranges
                0x0000000000000250       0xe0 ./Drivers/STM32F3xx_HAL_Driver/Src/stm32f3xx_hal.o
 .debug_aranges
                0x0000000000000330      0x118 ./Drivers/STM32F3xx_HAL_Driver/Src/stm32f3xx_hal_cortex.o
 .debug_aranges
                0x0000000000000448       0x58 ./Drivers/STM32F3xx_HAL_Driver/Src/stm32f3xx_hal_gpio.o
 .debug_aranges
                0x00000000000004a0       0x88 ./Drivers/STM32F3xx_HAL_Driver/Src/stm32f3xx_hal_rcc.o
 .debug_aranges
                0x0000000000000528       0x38 ./Drivers/STM32F3xx_HAL_Driver/Src/stm32f3xx_hal_rcc_ex.o
 .debug_aranges
                0x0000000000000560      0x3e0 ./Drivers/STM32F3xx_HAL_Driver/Src/stm32f3xx_hal_tim.o
 .debug_aranges
                0x0000000000000940      0x178 ./Drivers/STM32F3xx_HAL_Driver/Src/stm32f3xx_hal_tim_ex.o
 .debug_aranges
                0x0000000000000ab8      0x228 ./Drivers/STM32F3xx_HAL_Driver/Src/stm32f3xx_hal_uart.o

.debug_rnglists
                0x0000000000000000      0xa13
 .debug_rnglists
                0x0000000000000000       0x2b ./Core/Src/DC_MOTOR.o
 .debug_rnglists
                0x000000000000002b       0x14 ./Core/Src/gpio.o
 .debug_rnglists
                0x000000000000003f       0x57 ./Core/Src/main.o
 .debug_rnglists
                0x0000000000000096       0x13 ./Core/Src/stm32f3xx_hal_msp.o
 .debug_rnglists
                0x00000000000000a9       0x5b ./Core/Src/stm32f3xx_it.o
 .debug_rnglists
                0x0000000000000104       0x1a ./Core/Src/system_stm32f3xx.o
 .debug_rnglists
                0x000000000000011e       0x44 ./Core/Src/tim.o
 .debug_rnglists
                0x0000000000000162       0x26 ./Core/Src/usart.o
 .debug_rnglists
                0x0000000000000188       0x19 ./Core/Startup/startup_stm32f303retx.o
 .debug_rnglists
                0x00000000000001a1       0xa3 ./Drivers/STM32F3xx_HAL_Driver/Src/stm32f3xx_hal.o
 .debug_rnglists
                0x0000000000000244       0xce ./Drivers/STM32F3xx_HAL_Driver/Src/stm32f3xx_hal_cortex.o
 .debug_rnglists
                0x0000000000000312       0x3f ./Drivers/STM32F3xx_HAL_Driver/Src/stm32f3xx_hal_gpio.o
 .debug_rnglists
                0x0000000000000351       0x66 ./Drivers/STM32F3xx_HAL_Driver/Src/stm32f3xx_hal_rcc.o
 .debug_rnglists
                0x00000000000003b7       0x29 ./Drivers/STM32F3xx_HAL_Driver/Src/stm32f3xx_hal_rcc_ex.o
 .debug_rnglists
                0x00000000000003e0      0x328 ./Drivers/STM32F3xx_HAL_Driver/Src/stm32f3xx_hal_tim.o
 .debug_rnglists
                0x0000000000000708      0x131 ./Drivers/STM32F3xx_HAL_Driver/Src/stm32f3xx_hal_tim_ex.o
 .debug_rnglists
                0x0000000000000839      0x1da ./Drivers/STM32F3xx_HAL_Driver/Src/stm32f3xx_hal_uart.o

.debug_macro    0x0000000000000000    0x204f6
 .debug_macro   0x0000000000000000      0x1fd ./Core/Src/DC_MOTOR.o
 .debug_macro   0x00000000000001fd      0xaa8 ./Core/Src/DC_MOTOR.o
 .debug_macro   0x0000000000000ca5      0x157 ./Core/Src/DC_MOTOR.o
 .debug_macro   0x0000000000000dfc       0x2e ./Core/Src/DC_MOTOR.o
 .debug_macro   0x0000000000000e2a       0x28 ./Core/Src/DC_MOTOR.o
 .debug_macro   0x0000000000000e52       0x22 ./Core/Src/DC_MOTOR.o
 .debug_macro   0x0000000000000e74       0x8e ./Core/Src/DC_MOTOR.o
 .debug_macro   0x0000000000000f02       0x51 ./Core/Src/DC_MOTOR.o
 .debug_macro   0x0000000000000f53      0x103 ./Core/Src/DC_MOTOR.o
 .debug_macro   0x0000000000001056       0x6a ./Core/Src/DC_MOTOR.o
 .debug_macro   0x00000000000010c0      0x1df ./Core/Src/DC_MOTOR.o
 .debug_macro   0x000000000000129f       0x1c ./Core/Src/DC_MOTOR.o
 .debug_macro   0x00000000000012bb       0x22 ./Core/Src/DC_MOTOR.o
 .debug_macro   0x00000000000012dd       0xd9 ./Core/Src/DC_MOTOR.o
 .debug_macro   0x00000000000013b6     0x102d ./Core/Src/DC_MOTOR.o
 .debug_macro   0x00000000000023e3      0x11f ./Core/Src/DC_MOTOR.o
 .debug_macro   0x0000000000002502    0x1535a ./Core/Src/DC_MOTOR.o
 .debug_macro   0x000000000001785c       0x6d ./Core/Src/DC_MOTOR.o
 .debug_macro   0x00000000000178c9     0x3558 ./Core/Src/DC_MOTOR.o
 .debug_macro   0x000000000001ae21      0x174 ./Core/Src/DC_MOTOR.o
 .debug_macro   0x000000000001af95       0x55 ./Core/Src/DC_MOTOR.o
 .debug_macro   0x000000000001afea      0x953 ./Core/Src/DC_MOTOR.o
 .debug_macro   0x000000000001b93d      0x84a ./Core/Src/DC_MOTOR.o
 .debug_macro   0x000000000001c187      0x1b5 ./Core/Src/DC_MOTOR.o
 .debug_macro   0x000000000001c33c      0x23a ./Core/Src/DC_MOTOR.o
 .debug_macro   0x000000000001c576      0x1ea ./Core/Src/DC_MOTOR.o
 .debug_macro   0x000000000001c760      0x1bc ./Core/Src/DC_MOTOR.o
 .debug_macro   0x000000000001c91c       0x30 ./Core/Src/DC_MOTOR.o
 .debug_macro   0x000000000001c94c       0x3c ./Core/Src/DC_MOTOR.o
 .debug_macro   0x000000000001c988      0x235 ./Core/Src/DC_MOTOR.o
 .debug_macro   0x000000000001cbbd       0xc5 ./Core/Src/DC_MOTOR.o
 .debug_macro   0x000000000001cc82      0x21d ./Core/Src/DC_MOTOR.o
 .debug_macro   0x000000000001ce9f      0x22c ./Core/Src/DC_MOTOR.o
 .debug_macro   0x000000000001d0cb       0x5b ./Core/Src/DC_MOTOR.o
 .debug_macro   0x000000000001d126       0xa5 ./Core/Src/DC_MOTOR.o
 .debug_macro   0x000000000001d1cb       0x81 ./Core/Src/DC_MOTOR.o
 .debug_macro   0x000000000001d24c       0xd3 ./Core/Src/DC_MOTOR.o
 .debug_macro   0x000000000001d31f      0xa59 ./Core/Src/DC_MOTOR.o
 .debug_macro   0x000000000001dd78       0xba ./Core/Src/DC_MOTOR.o
 .debug_macro   0x000000000001de32      0x5ba ./Core/Src/DC_MOTOR.o
 .debug_macro   0x000000000001e3ec       0x44 ./Core/Src/DC_MOTOR.o
 .debug_macro   0x000000000001e430      0x347 ./Core/Src/DC_MOTOR.o
 .debug_macro   0x000000000001e777       0x88 ./Core/Src/DC_MOTOR.o
 .debug_macro   0x000000000001e7ff       0x3a ./Core/Src/DC_MOTOR.o
 .debug_macro   0x000000000001e839      0x1f0 ./Core/Src/gpio.o
 .debug_macro   0x000000000001ea29      0x21b ./Core/Src/main.o
 .debug_macro   0x000000000001ec44      0x1e6 ./Core/Src/stm32f3xx_hal_msp.o
 .debug_macro   0x000000000001ee2a      0x1f0 ./Core/Src/stm32f3xx_it.o
 .debug_macro   0x000000000001f01a      0x1d7 ./Core/Src/system_stm32f3xx.o
 .debug_macro   0x000000000001f1f1      0x1f0 ./Core/Src/tim.o
 .debug_macro   0x000000000001f3e1      0x1f0 ./Core/Src/usart.o
 .debug_macro   0x000000000001f5d1      0x1fb ./Drivers/STM32F3xx_HAL_Driver/Src/stm32f3xx_hal.o
 .debug_macro   0x000000000001f7cc      0x1d7 ./Drivers/STM32F3xx_HAL_Driver/Src/stm32f3xx_hal_cortex.o
 .debug_macro   0x000000000001f9a3      0x1de ./Drivers/STM32F3xx_HAL_Driver/Src/stm32f3xx_hal_gpio.o
 .debug_macro   0x000000000001fb81      0x1fb ./Drivers/STM32F3xx_HAL_Driver/Src/stm32f3xx_hal_rcc.o
 .debug_macro   0x000000000001fd7c      0x1d7 ./Drivers/STM32F3xx_HAL_Driver/Src/stm32f3xx_hal_rcc_ex.o
 .debug_macro   0x000000000001ff53      0x1d8 ./Drivers/STM32F3xx_HAL_Driver/Src/stm32f3xx_hal_tim.o
 .debug_macro   0x000000000002012b      0x1d7 ./Drivers/STM32F3xx_HAL_Driver/Src/stm32f3xx_hal_tim_ex.o
 .debug_macro   0x0000000000020302      0x1f4 ./Drivers/STM32F3xx_HAL_Driver/Src/stm32f3xx_hal_uart.o

.debug_line     0x0000000000000000    0x11b07
 .debug_line    0x0000000000000000      0x85e ./Core/Src/DC_MOTOR.o
 .debug_line    0x000000000000085e      0x7ad ./Core/Src/gpio.o
 .debug_line    0x000000000000100b      0xdeb ./Core/Src/main.o
 .debug_line    0x0000000000001df6      0x773 ./Core/Src/stm32f3xx_hal_msp.o
 .debug_line    0x0000000000002569      0x895 ./Core/Src/stm32f3xx_it.o
 .debug_line    0x0000000000002dfe      0x7ed ./Core/Src/system_stm32f3xx.o
 .debug_line    0x00000000000035eb      0xb06 ./Core/Src/tim.o
 .debug_line    0x00000000000040f1      0x851 ./Core/Src/usart.o
 .debug_line    0x0000000000004942       0x7a ./Core/Startup/startup_stm32f303retx.o
 .debug_line    0x00000000000049bc      0xa1d ./Drivers/STM32F3xx_HAL_Driver/Src/stm32f3xx_hal.o
 .debug_line    0x00000000000053d9      0xce2 ./Drivers/STM32F3xx_HAL_Driver/Src/stm32f3xx_hal_cortex.o
 .debug_line    0x00000000000060bb      0xba4 ./Drivers/STM32F3xx_HAL_Driver/Src/stm32f3xx_hal_gpio.o
 .debug_line    0x0000000000006c5f     0x140f ./Drivers/STM32F3xx_HAL_Driver/Src/stm32f3xx_hal_rcc.o
 .debug_line    0x000000000000806e      0xf35 ./Drivers/STM32F3xx_HAL_Driver/Src/stm32f3xx_hal_rcc_ex.o
 .debug_line    0x0000000000008fa3     0x3eb4 ./Drivers/STM32F3xx_HAL_Driver/Src/stm32f3xx_hal_tim.o
 .debug_line    0x000000000000ce57     0x1b51 ./Drivers/STM32F3xx_HAL_Driver/Src/stm32f3xx_hal_tim_ex.o
 .debug_line    0x000000000000e9a8     0x315f ./Drivers/STM32F3xx_HAL_Driver/Src/stm32f3xx_hal_uart.o

.debug_str      0x0000000000000000    0xc65b6
 .debug_str     0x0000000000000000    0xc2e43 ./Core/Src/DC_MOTOR.o
                                      0xc3581 (size before relaxing)
 .debug_str     0x00000000000c2e43       0xca ./Core/Src/gpio.o
                                      0xc2ff4 (size before relaxing)
 .debug_str     0x00000000000c2f0d      0x7b6 ./Core/Src/main.o
                                      0xc3d47 (size before relaxing)
 .debug_str     0x00000000000c36c3       0x49 ./Core/Src/stm32f3xx_hal_msp.o
                                      0xc2f46 (size before relaxing)
 .debug_str     0x00000000000c370c      0x10c ./Core/Src/stm32f3xx_it.o
                                      0xc34de (size before relaxing)
 .debug_str     0x00000000000c3818       0xe9 ./Core/Src/system_stm32f3xx.o
                                      0xc2dfd (size before relaxing)
 .debug_str     0x00000000000c3901      0x6e8 ./Core/Src/tim.o
                                      0xc3d94 (size before relaxing)
 .debug_str     0x00000000000c3fe9       0x58 ./Core/Src/usart.o
                                      0xc3491 (size before relaxing)
 .debug_str     0x00000000000c4041       0x34 ./Core/Startup/startup_stm32f303retx.o
                                         0x5a (size before relaxing)
 .debug_str     0x00000000000c4075      0x37a ./Drivers/STM32F3xx_HAL_Driver/Src/stm32f3xx_hal.o
                                      0xc36a6 (size before relaxing)
 .debug_str     0x00000000000c43ef      0x345 ./Drivers/STM32F3xx_HAL_Driver/Src/stm32f3xx_hal_cortex.o
                                      0xc36f8 (size before relaxing)
 .debug_str     0x00000000000c4734      0x161 ./Drivers/STM32F3xx_HAL_Driver/Src/stm32f3xx_hal_gpio.o
                                      0xc2fe2 (size before relaxing)
 .debug_str     0x00000000000c4895      0x2dd ./Drivers/STM32F3xx_HAL_Driver/Src/stm32f3xx_hal_rcc.o
                                      0xc32a1 (size before relaxing)
 .debug_str     0x00000000000c4b72       0xbe ./Drivers/STM32F3xx_HAL_Driver/Src/stm32f3xx_hal_rcc_ex.o
                                      0xc30eb (size before relaxing)
 .debug_str     0x00000000000c4c30      0xd18 ./Drivers/STM32F3xx_HAL_Driver/Src/stm32f3xx_hal_tim.o
                                      0xc4224 (size before relaxing)
 .debug_str     0x00000000000c5948      0x402 ./Drivers/STM32F3xx_HAL_Driver/Src/stm32f3xx_hal_tim_ex.o
                                      0xc3a7a (size before relaxing)
 .debug_str     0x00000000000c5d4a      0x86c ./Drivers/STM32F3xx_HAL_Driver/Src/stm32f3xx_hal_uart.o
                                      0xc3b20 (size before relaxing)

.debug_frame    0x0000000000000000     0x34cc
 .debug_frame   0x0000000000000000       0xb4 ./Core/Src/DC_MOTOR.o
 .debug_frame   0x00000000000000b4       0x34 ./Core/Src/gpio.o
 .debug_frame   0x00000000000000e8      0x16c ./Core/Src/main.o
 .debug_frame   0x0000000000000254       0x34 ./Core/Src/stm32f3xx_hal_msp.o
 .debug_frame   0x0000000000000288      0x174 ./Core/Src/stm32f3xx_it.o
 .debug_frame   0x00000000000003fc       0x58 ./Core/Src/system_stm32f3xx.o
 .debug_frame   0x0000000000000454      0x134 ./Core/Src/tim.o
 .debug_frame   0x0000000000000588       0x90 ./Core/Src/usart.o
 .debug_frame   0x0000000000000618      0x334 ./Drivers/STM32F3xx_HAL_Driver/Src/stm32f3xx_hal.o
 .debug_frame   0x000000000000094c      0x498 ./Drivers/STM32F3xx_HAL_Driver/Src/stm32f3xx_hal_cortex.o
 .debug_frame   0x0000000000000de4      0x14c ./Drivers/STM32F3xx_HAL_Driver/Src/stm32f3xx_hal_gpio.o
 .debug_frame   0x0000000000000f30      0x214 ./Drivers/STM32F3xx_HAL_Driver/Src/stm32f3xx_hal_rcc.o
 .debug_frame   0x0000000000001144       0xb0 ./Drivers/STM32F3xx_HAL_Driver/Src/stm32f3xx_hal_rcc_ex.o
 .debug_frame   0x00000000000011f4     0x121c ./Drivers/STM32F3xx_HAL_Driver/Src/stm32f3xx_hal_tim.o
 .debug_frame   0x0000000000002410      0x688 ./Drivers/STM32F3xx_HAL_Driver/Src/stm32f3xx_hal_tim_ex.o
 .debug_frame   0x0000000000002a98      0x9e8 ./Drivers/STM32F3xx_HAL_Driver/Src/stm32f3xx_hal_uart.o
 .debug_frame   0x0000000000003480       0x20 C:/ST/STM32CubeIDE_1.13.1/STM32CubeIDE/plugins/com.st.stm32cube.ide.mcu.externaltools.gnu-tools-for-stm32.11.3.rel1.win32_1.1.0.202305231506/tools/bin/../lib/gcc/arm-none-eabi/11.3.1/../../../../arm-none-eabi/lib/thumb/v7e-m+fp/hard\libc_nano.a(libc_a-memset.o)
 .debug_frame   0x00000000000034a0       0x2c C:/ST/STM32CubeIDE_1.13.1/STM32CubeIDE/plugins/com.st.stm32cube.ide.mcu.externaltools.gnu-tools-for-stm32.11.3.rel1.win32_1.1.0.202305231506/tools/bin/../lib/gcc/arm-none-eabi/11.3.1/../../../../arm-none-eabi/lib/thumb/v7e-m+fp/hard\libc_nano.a(libc_a-init.o)

.debug_line_str
                0x0000000000000000       0x4e
 .debug_line_str
                0x0000000000000000       0x4e ./Core/Startup/startup_stm32f303retx.o
                                         0x66 (size before relaxing)
