../Core/Src/main.c:65:6:HAL_TIM_IC_CaptureCallback	16	static
../Core/Src/main.c:201:6:Ultrasonic_Runable	8	static
../Core/Src/main.c:233:10:Ultrasonic_Getter	16	static
../Core/Src/main.c:242:6:send_distance	32	static
../Core/Src/main.c:305:6:control_car	8	static
../Core/Src/main.c:334:6:find_park	8	static
../Core/Src/main.c:385:6:start_parking	8	static
../Core/Src/main.c:515:6:ta7deen	8	static
../Core/Src/main.c:542:5:main	8	static
../Core/Src/main.c:637:6:SystemClock_Config	160	static
../Core/Src/main.c:691:6:Error_Handler	4	static,ignoring_inline_asm
